
[1m[30m[46m RUN [49m[39m[22m [36mv4.1.5 [39m[90mc:/Users/LENOVO/Crawlix[39m


[2m Test Files [22m [1m[31m1 failed[39m[22m[90m (1)[39m
[2m      Tests [22m [2mno tests[22m
[2m   Start at [22m 00:57:44
[2m   Duration [22m 2.30s[2m (transform 251ms, setup 0ms, import 0ms, tests 0ms, environment 0ms)[22m

